[
  [
    "sleeknotestaticcontent.sleeknote.com",
    [
      1103366
    ]
  ],
  [
    "||js.driftt.com/include$script",
    [
      1103367
    ]
  ],
  [
    "||assets.ubembed.com/universal$script",
    [
      1103368
    ]
  ],
  [
    "||lightboxcdn.com/vendor$script",
    [
      1103369
    ]
  ],
  [
    "||mailocator.net/_/$script",
    [
      1103370
    ]
  ],
  [
    "cdn1.pdmntn.com",
    [
      1103371
    ]
  ],
  [
    "||static.mailerlite.com/js$script",
    [
      1103372
    ]
  ],
  [
    "||pmdstatic.net/bundle.php$script",
    [
      1103373
    ]
  ],
  [
    "||front.optimonk.com/public/$script",
    [
      1103374
    ]
  ],
  [
    "/wp-content/plugins/newsletter-leads",
    [
      1103375
    ]
  ],
  [
    "||downloads.mailchimp.com/js/signup-forms$script",
    [
      1103376
    ]
  ],
  [
    "||conduit.mailchimpapp.com/js/stores$script",
    [
      1103377
    ]
  ],
  [
    "||a.optmnstr.com/app/js/$script",
    [
      1103378
    ]
  ],
  [
    "||getsocial.io/client$script",
    [
      1103379
    ]
  ],
  [
    "||static.ctctcdn.com/js/signup-form-widget$script,domain=~centerforhealthsecurity.org",
    [
      1103380
    ]
  ],
  [
    "||cdn.justuno.com/mwgt$script",
    [
      1103381
    ]
  ],
  [
    "||a.mailmunch.co/app/$script",
    [
      1103382
    ]
  ],
  [
    "/newsletterPopup.js",
    [
      1103383
    ]
  ],
  [
    "/pmgnews/overlay/newsletter",
    [
      1103384
    ]
  ],
  [
    "||dotmailer-surveys.com/scripts/survey.js$script",
    [
      1103385
    ]
  ],
  [
    "||yieldify.com/yieldify/code.js$script",
    [
      1103386
    ]
  ],
  [
    "||widget.privy.com/assets/widget.js$script",
    [
      1103387
    ]
  ],
  [
    "sumo.b-cdn.net",
    [
      1103388
    ]
  ],
  [
    "||connect.nosto.com/include$script",
    [
      1103389
    ]
  ],
  [
    "||chimpstatic.com/mcjs-connected/js/users$script",
    [
      1103390
    ]
  ],
  [
    "||assets.pcrl.co/js/$script",
    [
      1103391
    ]
  ],
  [
    "/wp-content/plugins/email-subscribers/widget/es-widget-page.js",
    [
      1103392
    ]
  ],
  [
    "||youlead.pl/Scripts/Dynamic.js$script",
    [
      1103393
    ]
  ],
  [
    "||m8.mailplus.nl/genericservice$script",
    [
      1103394
    ]
  ],
  [
    "||restapi.mailplus.nl/integrationservice$script",
    [
      1103395
    ]
  ],
  [
    "||snrcdn.net/sdk/$script",
    [
      1103396
    ]
  ],
  [
    "||cdn.dynamicyield.com/api$script,domain=~haix.de|~bancofalabella.cl|~gymshark.com",
    [
      1103397
    ]
  ],
  [
    "||static.newsletter2go.com/utils.js$script",
    [
      1103398
    ]
  ],
  [
    "/widget/ecNewsletterPopup/*",
    [
      1103399
    ]
  ],
  [
    "||a.optmstr.com/app/js/$script",
    [
      1103400
    ]
  ],
  [
    "||api.autopilothq.com/anywhere/$script",
    [
      1103401
    ]
  ],
  [
    "||c.salecycle.com/osr/config$script",
    [
      1103402
    ]
  ],
  [
    "/wp-content/plugins/thrive-leads/*$domain=~itnator.net",
    [
      1103403
    ]
  ],
  [
    "/wp-content/plugins/bloom/*",
    [
      1103404
    ]
  ],
  [
    "||js.hsleadflows.net/leadflows.js$script",
    [
      1103405
    ]
  ],
  [
    "/clientlib-newsletter.js",
    [
      1103406
    ]
  ],
  [
    "||c.lytics.io/static/pathfora$script",
    [
      1103407
    ]
  ],
  [
    "email-signup-form-popup.js",
    [
      1103408
    ]
  ],
  [
    "||netpeak.cloud/source/js$script",
    [
      1103409
    ]
  ],
  [
    "||bunting.com/call$script",
    [
      1103410
    ]
  ],
  [
    "||cdn.connectif.cloud/cl1/client-script/$script",
    [
      1103411
    ]
  ],
  [
    "/essb-optin-booster.js",
    [
      1103412
    ]
  ],
  [
    "f.convertkit.com",
    [
      1103413
    ]
  ],
  [
    "api.morningcatch.net",
    [
      1103414
    ]
  ],
  [
    "||shopify.privy.com/widget.js$script",
    [
      1103415
    ]
  ],
  [
    "load.sumo.com",
    [
      1103416
    ]
  ],
  [
    "||cdn.listrakbi.com/scripts/script.js$script",
    [
      1103417
    ]
  ],
  [
    "/wp-content/plugins/dreamgrow-scroll-triggered-box/*",
    [
      1103418
    ]
  ],
  [
    "||d3bo67muzbfgtl.cloudfront.net/edrone$script",
    [
      1103419
    ]
  ],
  [
    "/newsletter_modals.min.",
    [
      1103420
    ]
  ],
  [
    "my.hellobar.com",
    [
      1103421
    ]
  ],
  [
    "||screenpopper.com/s-hub$script",
    [
      1103422
    ]
  ],
  [
    "||static.scarabresearch.com/wpjs$script",
    [
      1103423
    ]
  ],
  [
    "||cdn.swellrewards.com/loader$script",
    [
      1103424
    ]
  ],
  [
    "||lifterpopup.com/js/modal.js$script",
    [
      1103425
    ]
  ],
  [
    "||lpages.co/leadbox$script",
    [
      1103426
    ]
  ],
  [
    "||cdn.crall.io/t/client.js$script",
    [
      1103427
    ]
  ],
  [
    "||a.opmnstr.com/app/js/$script",
    [
      1103428
    ]
  ],
  [
    "||app2.salesmanago.pl/dynamic$script",
    [
      1103429
    ]
  ],
  [
    "||se.monetate.net/js/$script",
    [
      1103430
    ]
  ],
  [
    "||cdn.blueconic.net/hearst.js$script",
    [
      1103431
    ]
  ],
  [
    "/js/website/modal-newsletter~rc-module-newsletter",
    [
      1103432
    ]
  ],
  [
    "||cdn.omniconvert.com/js$script",
    [
      1103433
    ]
  ],
  [
    "||cdn.omniconvert.com/async/js$script",
    [
      1103434
    ]
  ],
  [
    "/frosmo.easy.js",
    [
      1103435
    ]
  ],
  [
    "||static-sb.com/js/sb-tracker.js$script",
    [
      1103436
    ]
  ],
  [
    "||mailmojo.no/sdk.js$script",
    [
      1103437
    ]
  ],
  [
    "/wp-content/popupally-pro-scripts",
    [
      1103438
    ]
  ],
  [
    "||media-inea.ipresso.pl/monitoridentification$script",
    [
      1103439
    ]
  ],
  [
    "/wp-content/plugins/mailoptin/*",
    [
      1103440
    ]
  ],
  [
    "||a.optnmnstr.com/app/js/$script",
    [
      1103441
    ]
  ],
  [
    "||static.popmechanic.ru/service/loader.js$script",
    [
      1103442
    ]
  ],
  [
    "static.zotabox.com",
    [
      1103443
    ]
  ],
  [
    "||marketbeat.com/scripts/modal/affiliatepopup.js$script",
    [
      1103444
    ]
  ],
  [
    "||widget.pico.tools/static/js/bundle.js$script",
    [
      1103445
    ]
  ],
  [
    "||powr.io/powr.js$script",
    [
      1103446
    ]
  ],
  [
    "/wp-content/plugins/layered-popups/*",
    [
      1103447
    ]
  ],
  [
    "/wp-content/plugins/mailchimp-for-wp/*",
    [
      1103448
    ]
  ],
  [
    "||bounceexchange.com/tag$script",
    [
      1103449
    ]
  ],
  [
    "tag.bounceexchange.com",
    [
      1103450
    ]
  ],
  [
    "||leadpages.net/leadboxes/current$script",
    [
      1103451
    ]
  ],
  [
    "||flodesk.com/universal$script",
    [
      1103452
    ]
  ],
  [
    "||activehosted.com/f/embed.php$script,domain=~renegade.global",
    [
      1103453
    ]
  ],
  [
    "/wp-content/plugins/99robots-optin-fire/*",
    [
      1103454
    ]
  ],
  [
    "||getresponse.com/view_webform$script",
    [
      1103455
    ]
  ],
  [
    "/gr-popups$script",
    [
      1103456
    ]
  ],
  [
    "||get.exitintel.com/load.js$script",
    [
      1103457
    ]
  ],
  [
    "/popup-by-supsystic/*",
    [
      1103458
    ]
  ],
  [
    "||cdn.jst.ai/mwgt$script",
    [
      1103459
    ]
  ],
  [
    "||milotree.com/container$script",
    [
      1103460
    ]
  ],
  [
    "/zaius-min.js",
    [
      1103461
    ]
  ],
  [
    "/wp-content/plugins/convertplug/*$~image",
    [
      1103462
    ]
  ],
  [
    "/wp-content/plugins/optin-monster/*",
    [
      1103463
    ]
  ],
  [
    ".wisepops.com/get-loader.js",
    [
      1103464
    ]
  ],
  [
    "api.exponea.com",
    [
      1103465
    ]
  ],
  [
    "/ouibounce.min.js",
    [
      1103466
    ]
  ],
  [
    "||bluecore.com/triggermail$script",
    [
      1103467
    ]
  ],
  [
    "||cloudiq.com/tag$script",
    [
      1103468
    ]
  ],
  [
    "||leadpages.net/leadbars/current/embed.js$script",
    [
      1103469
    ]
  ],
  [
    "||s.sloyalty.com/site_media$script",
    [
      1103470
    ]
  ],
  [
    "||klaviyo.com/onsite/js/vendors~signupForms$script",
    [
      1103471
    ]
  ],
  [
    "/vidstore-popups/assets/public/js/newsletter.min.js",
    [
      1103472
    ]
  ],
  [
    "||app-abd.marketo.com/js$script",
    [
      1103473
    ]
  ],
  [
    "||omappapi.com/app$script",
    [
      1103474
    ]
  ],
  [
    "tag.getdrip.com",
    [
      1103475
    ]
  ],
  [
    "||zoho.com/js/optin$script",
    [
      1103476
    ]
  ],
  [
    "/entries?content_type=staticContentBlock&fields.id=email-capture",
    [
      1103477
    ]
  ],
  [
    "||cloud-iq.com/cartrecovery/store.js$script",
    [
      1103478
    ]
  ],
  [
    "/axnewsletter.js",
    [
      1103479
    ]
  ],
  [
    "/wp-content/plugins/popupally",
    [
      1103480
    ]
  ],
  [
    "api.omappapi.com",
    [
      1103481
    ]
  ],
  [
    "/email-capture/email-capture-",
    [
      1103482
    ]
  ],
  [
    "||californiatimes.com/newsletter-campaign-manager$script",
    [
      1103483
    ]
  ],
  [
    "||quitsnap-blue.com/js/os_engine.js$script",
    [
      1103484
    ]
  ],
  [
    "/wp-content/plugins/convertpro/*",
    [
      1103485
    ]
  ],
  [
    "/wp-content/plugins/optin-revolution/*",
    [
      1103486
    ]
  ],
  [
    "||addthis.com/js/300/addthis_widget.js$script",
    [
      1103487
    ]
  ],
  [
    "api-cis.exponea.com",
    [
      1103488
    ]
  ],
  [
    "||api.traq.li/public/sdk$script",
    [
      1103489
    ]
  ],
  [
    "tracking.retargeting.biz",
    [
      1103490
    ]
  ],
  [
    "ping.contactpigeon.com",
    [
      1103491
    ]
  ],
  [
    "/newsletter-invite.js",
    [
      1103492
    ]
  ],
  [
    "/Action-Subscribe-2019.js",
    [
      1103493
    ]
  ],
  [
    "||convertbox.com/convertbox$script,third-party",
    [
      1103494
    ]
  ],
  [
    "||birdsend.co/assets/static/js/pixel/main.js$script",
    [
      1103495
    ]
  ],
  [
    "||hd.koloo.net/oo.js$script",
    [
      1103496
    ]
  ],
  [
    "||receiptful.com/scripts/shopify.js$script",
    [
      1103497
    ]
  ],
  [
    "t2.netsalesmedia.pl",
    [
      1103498
    ]
  ],
  [
    "content.govdelivery.com",
    [
      1103499
    ]
  ],
  [
    "api.pushnami.com",
    [
      1103500
    ]
  ],
  [
    "/js/deploy/syndicated-newsletter",
    [
      1103501
    ]
  ],
  [
    "||klaviyo.com/onsite/js/signup_forms$script,domain=~ufpro.com|~worldwidestereo.com|~salada.com",
    [
      1103502
    ]
  ],
  [
    "popup.popupsmart.com",
    [
      1103503
    ]
  ],
  [
    "/mol-fe-newsletter-popup/*",
    [
      1103504
    ]
  ],
  [
    "cdn.popt.in",
    [
      1103505
    ]
  ],
  [
    "||data.whizeo.com/widgets$script",
    [
      1103506
    ]
  ],
  [
    "||securedvisit.com/js/sv.js$script",
    [
      1103507
    ]
  ],
  [
    "||dev.visualwebsiteoptimizer.com/j.php$script",
    [
      1103508
    ]
  ],
  [
    "||convertkitqa.com/ckjs$script",
    [
      1103509
    ]
  ],
  [
    "||bounceexchange.com/assets/smart-tag$script",
    [
      1103510
    ]
  ],
  [
    "||adoric-om.com/adoric.js$script",
    [
      1103511
    ]
  ],
  [
    "/wp-content/plugins/woo-coupon-box/*",
    [
      1103512
    ]
  ],
  [
    "forms.convertkit.com",
    [
      1103513
    ]
  ],
  [
    "||convertkit.com/assets^$third-party",
    [
      1103514
    ]
  ],
  [
    "||sdks.automizely.com/conversions$script",
    [
      1103515
    ]
  ],
  [
    "cdn.attn.tv",
    [
      1103516
    ]
  ],
  [
    "||cdn.threadloom.com/ga$script",
    [
      1103517
    ]
  ],
  [
    "/js/website/modal-newsletter",
    [
      1103518
    ]
  ],
  [
    "/exponea.min.js",
    [
      1103519
    ]
  ],
  [
    "||newell.evergage.com/beacon$script",
    [
      1103520
    ]
  ],
  [
    "/evergage.min.js",
    [
      1103521
    ]
  ],
  [
    "/klaviyo_subscribe.js",
    [
      1103522
    ]
  ],
  [
    "||mailcampaigns.nl/interface/popup$script",
    [
      1103523
    ]
  ],
  [
    "/next-gen/dist/NewsletterPopup",
    [
      1103524
    ]
  ],
  [
    "forms.smsbump.com",
    [
      1103525
    ]
  ],
  [
    "/mod_motivatingcoupon/facebox/*",
    [
      1103526
    ]
  ],
  [
    "||static.redeal.se/widget/js/redeal.js$script",
    [
      1103527
    ]
  ],
  [
    "||cdn.optinly.net$third-party",
    [
      1103528
    ]
  ],
  [
    "/rg_smartpopup/*",
    [
      1103529
    ]
  ],
  [
    "/alert/email_subscribe/*",
    [
      1103530
    ]
  ],
  [
    "/arengu-newsletter.js",
    [
      1103531
    ]
  ],
  [
    "/popup-newsletter-$script",
    [
      1103532
    ]
  ],
  [
    "||assets.mailerlite.com^$script",
    [
      1103533
    ]
  ],
  [
    "/ps_emailsubscription.js",
    [
      1103534
    ]
  ],
  [
    "||embedded.wishpondpages.com$third-party,subdocument",
    [
      1103535
    ]
  ],
  [
    "/hs-web-interactive-$third-party,subdocument",
    [
      1103536
    ]
  ],
  [
    "/ht_newsletterpopup",
    [
      1103537
    ]
  ],
  [
    "/avada-popup.min.js",
    [
      1103538
    ]
  ],
  [
    "||connectif.cloud^$third-party",
    [
      1103539
    ]
  ],
  [
    "||tr.vitals.co^$third-party",
    [
      1103540
    ]
  ],
  [
    "||optimove.net^$third-party",
    [
      1103541
    ]
  ],
  [
    "||sail-horizon.com^$third-party",
    [
      1103542
    ]
  ],
  [
    "/assets/section-mailing-popup.",
    [
      1103543
    ]
  ],
  [
    "/kadence-conversions.",
    [
      1103544
    ]
  ],
  [
    "||postscript.io^$third-party",
    [
      1103545
    ]
  ],
  [
    "||getsitecontrol.com^$third-party",
    [
      1103546
    ]
  ],
  [
    "||retargeting.newsmanapp.com^$third-party",
    [
      1103547
    ]
  ],
  [
    "NotificationDisclaimerControl.js$domain=vontobel.com",
    [
      1103548
    ]
  ],
  [
    "list-builder.js$domain=wanderlust.co.uk",
    [
      1103549
    ]
  ],
  [
    "/amd_modules/newsletter-hover$domain=webmd.com",
    [
      1103550
    ]
  ],
  [
    "/politica-privacidade/lightbox$domain=toysrus.pt",
    [
      1103551
    ]
  ],
  [
    "/opentag-$domain=jet2.com",
    [
      1103552
    ]
  ],
  [
    "global-lightbox.js$domain=drschollsshoes.com",
    [
      1103553
    ]
  ],
  [
    "/wpp-popup-frontend.js$domain=globalvoices.org",
    [
      1103554
    ]
  ],
  [
    "/email.js$domain=tp-link.com",
    [
      1103555
    ]
  ],
  [
    "||ibt-mail.com/view_webform$script,domain=ibtimes.com",
    [
      1103556
    ]
  ],
  [
    "/lightboxform.js$domain=tips.net",
    [
      1103557
    ]
  ],
  [
    "/esm.js$domain=yamahamotorsports.com",
    [
      1103558
    ]
  ],
  [
    "/aiosp-jsonp.js$domain=kleren.com",
    [
      1103559
    ]
  ],
  [
    "/vol-modal/*$domain=thepaintstore.com",
    [
      1103560
    ]
  ],
  [
    "||imimg.com/js/reqForms.min.js$script,domain=indiamart.com",
    [
      1103561
    ]
  ],
  [
    "try.abtasty.com$domain=leparisien.fr",
    [
      1103562
    ]
  ],
  [
    "/Action-Subscribe$domain=naturalnews.com",
    [
      1103563
    ]
  ],
  [
    "/sharing/popover.js$domain=mymemory.co.uk",
    [
      1103564
    ]
  ],
  [
    "/popup/tsr$domain=superyachtnews.com",
    [
      1103565
    ]
  ],
  [
    "/simpleSignupManager.chunk.js$domain=manning.com",
    [
      1103566
    ]
  ],
  [
    "cdn-promote.weebly.com$domain=weebly.com",
    [
      1103567
    ]
  ],
  [
    "/acquisition-tag.js$domain=latribune.fr",
    [
      1103568
    ]
  ],
  [
    "/pharmapopin/*$domain=pharmasimple.com",
    [
      1103569
    ]
  ],
  [
    "/crm.js$domain=fujifilm-x.com",
    [
      1103570
    ]
  ],
  [
    "/sven_daspopup/*$domain=adler-farbenmeister.com",
    [
      1103571
    ]
  ],
  [
    "/PopupNewsletter/GetLayer$domain=yoox.com",
    [
      1103572
    ]
  ],
  [
    "/emailcollection/*$domain=motorsport.com",
    [
      1103573
    ]
  ],
  [
    "/popoverv2.js*$domain=britishcornershop.co.uk",
    [
      1103574
    ]
  ],
  [
    "/fp-web-flyout-widget.min.js^$domain=getfirepush.com",
    [
      1103575
    ]
  ],
  [
    "/tingle.$domain=arcade1up.com",
    [
      1103576
    ]
  ],
  [
    "||tinypass.com/api/tinypass.min.js^$domain=technologyreview.com",
    [
      1103577
    ]
  ],
  [
    "/SysConsentComponent.js$domain=netpeak.net",
    [
      1103578
    ]
  ],
  [
    "||safetyfirstaid.co.uk/ajx_newsletter",
    [
      1103579
    ]
  ],
  [
    "/uael-modal-popup.$domain=ackerwines.com",
    [
      1103580
    ]
  ],
  [
    "||cdn.p-n.io/pushly$script",
    [
      1103581
    ]
  ],
  [
    "||app3.emlgrid.com/static/sm.js$script",
    [
      1103582
    ]
  ],
  [
    "webpush-desktop.chunk.js",
    [
      1103583
    ]
  ],
  [
    "||push4site.com/Static/Script/$script",
    [
      1103584
    ]
  ],
  [
    "cdn.ghostmonitor.com",
    [
      1103585
    ]
  ],
  [
    "notify.hindustantimes.com",
    [
      1103586
    ]
  ],
  [
    "webpush.interia.pl",
    [
      1103587
    ]
  ],
  [
    ".izooto.com/scripts",
    [
      1103588
    ]
  ],
  [
    "js.pusher.com$domain=~itv.com|~lickd.co|~foliohd.com",
    [
      1103589
    ]
  ],
  [
    "||push-ad.com/integration.php$script",
    [
      1103590
    ]
  ],
  [
    "||cdn.pushassist.com/account/assets/$script",
    [
      1103591
    ]
  ],
  [
    "||gadgets.ndtv.com/static/desktop/js/notification_popup-min.js$script",
    [
      1103592
    ]
  ],
  [
    "pusherism.com",
    [
      1103593
    ]
  ],
  [
    "pushnest.com",
    [
      1103594
    ]
  ],
  [
    "||getpushmonkey.com/sdk/config$script",
    [
      1103595
    ]
  ],
  [
    "||cdn.onesignal.com/sdks$script",
    [
      1103596
    ]
  ],
  [
    "||pushpushgo.com/js$script",
    [
      1103597
    ]
  ],
  [
    "cdn.sendpulse.com$domain=~movie4k.eu",
    [
      1103598
    ]
  ],
  [
    "||salesmanago.pl/static/sm.js$script",
    [
      1103599
    ]
  ],
  [
    "cdn.pushcrew.com",
    [
      1103600
    ]
  ],
  [
    "/streamlined-push-plugin.production.min.js",
    [
      1103601
    ]
  ],
  [
    "app.push-ad.com",
    [
      1103602
    ]
  ],
  [
    "/pushnotification/service-worker-script.js",
    [
      1103603
    ]
  ],
  [
    "/sp-push-worker.js",
    [
      1103604
    ]
  ],
  [
    "95p5qep4aq.com",
    [
      1103605
    ]
  ],
  [
    "||snrcdn.net/sdk/$script",
    [
      1103606
    ]
  ],
  [
    "via.batch.com",
    [
      1103607
    ]
  ],
  [
    "||wonderpush.com/sdk/$script",
    [
      1103608
    ]
  ],
  [
    "clientcdn.pushengage.com",
    [
      1103609
    ]
  ],
  [
    "||web-sdk.urbanairship.com/notify/$script",
    [
      1103610
    ]
  ],
  [
    "api.sociaplus.com",
    [
      1103611
    ]
  ],
  [
    "/plugins/tmx-push/*",
    [
      1103612
    ]
  ],
  [
    "/firebase-messaging.js$domain=~dn.pt|~jn.pt",
    [
      1103613
    ]
  ],
  [
    "pushno.com",
    [
      1103614
    ]
  ],
  [
    "pushwhy.com",
    [
      1103615
    ]
  ],
  [
    "pushame.com",
    [
      1103616
    ]
  ],
  [
    "||voirfilms.ws/sw.js$script",
    [
      1103617
    ]
  ],
  [
    "||siteswithcontent.com/js/push$script",
    [
      1103618
    ]
  ],
  [
    "||cdn.moengage.com/webpush$script",
    [
      1103619
    ]
  ],
  [
    "||brandflow.net/static/general/push-init-code.js$script",
    [
      1103620
    ]
  ],
  [
    "||cleverpush.com/channel/loader$script",
    [
      1103621
    ]
  ],
  [
    "||static.getback.ch/clients$script",
    [
      1103622
    ]
  ],
  [
    "/PushNotifications.",
    [
      1103623
    ]
  ],
  [
    "cdn.pushowl.com",
    [
      1103624
    ]
  ],
  [
    "||accengage.net/pushweb/$script",
    [
      1103625
    ]
  ],
  [
    "||cdn.foxpush.net/sdk/foxpush_SDK$script",
    [
      1103626
    ]
  ],
  [
    "||js.appboycdn.com/web-sdk/$script",
    [
      1103627
    ]
  ],
  [
    "||cdn.taboola.com/libtrc/tmg-network/loader.js$script",
    [
      1103628
    ]
  ],
  [
    "/js/push_subscription.js",
    [
      1103629
    ]
  ],
  [
    "||pushwoosh.com/webpush$script",
    [
      1103630
    ]
  ],
  [
    "push_service-worker.js",
    [
      1103631
    ]
  ],
  [
    "0_ghpush_client.js",
    [
      1103632
    ]
  ],
  [
    "||pastoupt.com/ntfc.php$script",
    [
      1103633
    ]
  ],
  [
    "||pushsar.com/ntfc.php$script",
    [
      1103634
    ]
  ],
  [
    "sdk.jeeng.com",
    [
      1103635
    ]
  ],
  [
    "||d3bo67muzbfgtl.cloudfront.net/edrone$script",
    [
      1103636
    ]
  ],
  [
    "||admessage.support/system_domain.js$script",
    [
      1103637
    ]
  ],
  [
    "/push/js/sdk/insider-push-native-sdk.js",
    [
      1103638
    ]
  ],
  [
    "pharance.com",
    [
      1103639
    ]
  ],
  [
    "||pushance.com/ntfc.php$script",
    [
      1103640
    ]
  ],
  [
    "||tattepush.com/push.js$script",
    [
      1103641
    ]
  ],
  [
    ".contentsitesrv.com/js/push",
    [
      1103642
    ]
  ],
  [
    "||jattepush.com/push.js$script",
    [
      1103643
    ]
  ],
  [
    "||pushanert.com/ntfc.php$script",
    [
      1103644
    ]
  ],
  [
    "/web-push/init.min.js$domain=~finanzen.ch|~finanzen.net|~finanzen.at",
    [
      1103645
    ]
  ],
  [
    "||aimtell.com/trackpush/trackpush.min.js$script",
    [
      1103646
    ]
  ],
  [
    "||hmcfront.akamaized.net/hd/extra/assets/www/notification.$script",
    [
      1103647
    ]
  ],
  [
    "/webpush.js",
    [
      1103648
    ]
  ],
  [
    "||youlead.pl/ylwebpush.js$script",
    [
      1103649
    ]
  ],
  [
    "push.delivery.ethinking.de",
    [
      1103650
    ]
  ],
  [
    "/web-push.js",
    [
      1103651
    ]
  ],
  [
    "||freeclick.me/?pu=$script",
    [
      1103652
    ]
  ],
  [
    "||cdn.pushalert.co/integrate$script",
    [
      1103653
    ]
  ],
  [
    "||cdn.gravitec.net/storage$script",
    [
      1103654
    ]
  ],
  [
    ".izooto.com/optin",
    [
      1103655
    ]
  ],
  [
    "cdn.qgraph.io",
    [
      1103656
    ]
  ],
  [
    "sw.wpush.org",
    [
      1103657
    ]
  ],
  [
    "||cdn.pn.vg/c/ig/pushnews.min.js$script",
    [
      1103658
    ]
  ],
  [
    "||subscribers.com/assets/subscribers.js$script",
    [
      1103659
    ]
  ],
  [
    "/webpush-loader.js",
    [
      1103660
    ]
  ],
  [
    "app.wigzo.com",
    [
      1103661
    ]
  ],
  [
    "app.getbeamer.com",
    [
      1103662
    ]
  ],
  [
    "api.signalize.com",
    [
      1103663
    ]
  ],
  [
    "cdn.letreach.com",
    [
      1103664
    ]
  ],
  [
    "gg.faromen.online",
    [
      1103665
    ]
  ],
  [
    "/js/webpushr.app",
    [
      1103666
    ]
  ],
  [
    "||pushwoosh.com/json$script",
    [
      1103667
    ]
  ],
  [
    "||pushpushgo.com/scripts$script",
    [
      1103668
    ]
  ],
  [
    "||hrbpark.bid/pushJs$script",
    [
      1103669
    ]
  ],
  [
    "||webpushs.com/js/push$script",
    [
      1103670
    ]
  ],
  [
    "wwopenclick.space",
    [
      1103671
    ]
  ],
  [
    "iss.shopimind.com",
    [
      1103672
    ]
  ],
  [
    "||cdn.pn.vg/push$script",
    [
      1103673
    ]
  ],
  [
    "/webpush-production.js",
    [
      1103674
    ]
  ],
  [
    "cdn.notifyvisitors.com",
    [
      1103675
    ]
  ],
  [
    "||cdn.webpushr.com/app$script",
    [
      1103676
    ]
  ],
  [
    "t2.netsalesmedia.pl",
    [
      1103677
    ]
  ],
  [
    "api.pushnami.com",
    [
      1103678
    ]
  ],
  [
    "/OneSignalSDK",
    [
      1103679
    ]
  ],
  [
    "||aswpsdkus.com/notify$script",
    [
      1103680
    ]
  ],
  [
    "/web-push-notification.js",
    [
      1103681
    ]
  ],
  [
    "/nano-webpush-ui",
    [
      1103682
    ]
  ],
  [
    "cdn.pushmaster-cdn.xyz",
    [
      1103683
    ]
  ],
  [
    "cdn.netmera-web.com",
    [
      1103684
    ]
  ],
  [
    "/smio-push-notification/*",
    [
      1103685
    ]
  ],
  [
    "/BildirtSDKfiles.js",
    [
      1103686
    ]
  ],
  [
    "cdn.onepush.app",
    [
      1103687
    ]
  ],
  [
    "||truepush.com/sdk$script",
    [
      1103688
    ]
  ],
  [
    "||assets.emarsys.net/web-emarsys-sdk/*$script",
    [
      1103689
    ]
  ],
  [
    "||notifpush.com/scripts$script",
    [
      1103690
    ]
  ],
  [
    "||js.smct.io/*/notifications*$script",
    [
      1103691
    ]
  ],
  [
    "push/push*$script",
    [
      1103692
    ]
  ],
  [
    "||pushwoosh.com^",
    [
      1103693
    ]
  ],
  [
    "/pushnotifications^",
    [
      1103694
    ]
  ],
  [
    "||sendsay.ru/backend/push/*",
    [
      1103695
    ]
  ],
  [
    "/social_push_notifications/*",
    [
      1103696
    ]
  ],
  [
    "||pushpanda.io^$third-party",
    [
      1103697
    ]
  ],
  [
    "||potisni.me/js/enable-push.js$third-party",
    [
      1103698
    ]
  ],
  [
    "/_pushAllow.js",
    [
      1103699
    ]
  ],
  [
    "/clevertap.min.js",
    [
      1103700
    ]
  ],
  [
    "plugins/tfnotifier-wp/*",
    [
      1103701
    ]
  ],
  [
    "messaging/webpush*",
    [
      1103702
    ]
  ],
  [
    "/service-webpush-firebase.js",
    [
      1103703
    ]
  ],
  [
    "/js/push.js",
    [
      1103704
    ]
  ],
  [
    "/notification.*.js$domain=~qudosbank.com.au|~myhealth.va.gov|~costco.ca|~costco.com",
    [
      1103705
    ]
  ],
  [
    "@@||notification.dmm.co.jp$script",
    [
      1103706
    ]
  ],
  [
    "||notix.io^$third-party",
    [
      1103707
    ]
  ],
  [
    "||pushouse.com^$third-party",
    [
      1103708
    ]
  ],
  [
    "||yottlyscript.com/push/*",
    [
      1103709
    ]
  ],
  [
    "/wzrk_dialog.min.js",
    [
      1103710
    ]
  ],
  [
    "||gr-cdn-e.eu/*/push-notification^$script",
    [
      1103711
    ]
  ],
  [
    "||dengage.com^$third-party",
    [
      1103712
    ]
  ],
  [
    "||larapush.com^$third-party",
    [
      1103713
    ]
  ],
  [
    "/sw.js$domain=pinterest.com",
    [
      1103714
    ]
  ],
  [
    "/public/spartanien/js/sw_handler$domain=spartanien.de",
    [
      1103715
    ]
  ],
  [
    "/pushes/notification.js$domain=rt.com",
    [
      1103716
    ]
  ],
  [
    "/js/subscriber$domain=mitula.pt",
    [
      1103717
    ]
  ],
  [
    "/firebase.js$domain=alibaba.com",
    [
      1103718
    ]
  ],
  [
    "/sw.js$domain=1337x.is",
    [
      1103719
    ]
  ],
  [
    "/sw.js$domain=1337x.to",
    [
      1103720
    ]
  ],
  [
    "/push-main-min.js$domain=ndtv.com",
    [
      1103721
    ]
  ],
  [
    "/js/adNotice.js$domain=hardwarezone.com.sg",
    [
      1103722
    ]
  ],
  [
    "/push/*$domain=tut.by",
    [
      1103723
    ]
  ],
  [
    "/firebase.min.js$domain=azoresgetaways.com",
    [
      1103724
    ]
  ],
  [
    "/firebase.js$domain=tribunavalladolid.com",
    [
      1103725
    ]
  ],
  [
    "client-.js$domain=hoerbuch.us",
    [
      1103726
    ]
  ],
  [
    "/js/a.js$domain=allevents.in",
    [
      1103727
    ]
  ],
  [
    "notifi.min.js$domain=antyradio.pl",
    [
      1103728
    ]
  ],
  [
    "/app.js$domain=lightinthebox.com",
    [
      1103729
    ]
  ],
  [
    "/min/js/sw/*$domain=sputniknews.com",
    [
      1103730
    ]
  ],
  [
    "/clientt.js$domain=cript.to",
    [
      1103731
    ]
  ],
  [
    "wsNotification.js$domain=wondershare.com",
    [
      1103732
    ]
  ],
  [
    "||tags.tiqcdn.com/utag$script,domain=national-lottery.co.uk",
    [
      1103733
    ]
  ],
  [
    "/notification-topics.js^$domain=winnipegfreepress.com",
    [
      1103734
    ]
  ],
  [
    "nebula-cdn.kampyle.com",
    [
      1103735
    ]
  ],
  [
    "||turbo.qualaroo.com/c.js$script",
    [
      1103736
    ]
  ],
  [
    "||scripts.psyma.com/layer_question$script",
    [
      1103737
    ]
  ],
  [
    "w.usabilla.com",
    [
      1103738
    ]
  ],
  [
    "||static.hotjar.com/c/hotjar$script",
    [
      1103739
    ]
  ],
  [
    "||scripts.psyma.com/html/layer/json_question.php$script",
    [
      1103740
    ]
  ],
  [
    "||visualwebsiteoptimizer.com/va_survey$script",
    [
      1103741
    ]
  ],
  [
    "gateway.answerscloud.com",
    [
      1103742
    ]
  ],
  [
    "st.getsitecontrol.com",
    [
      1103743
    ]
  ],
  [
    "||survey.g.doubleclick.net/survey$script",
    [
      1103744
    ]
  ],
  [
    "/opiniac.js",
    [
      1103745
    ]
  ],
  [
    "||ssl.ceneo.pl/shops/$script",
    [
      1103746
    ]
  ],
  [
    "||cloud.netquest.sk/scripts/widget$script",
    [
      1103747
    ]
  ],
  [
    "||storage.googleapis.com/outfox/ocs/surveys/$script",
    [
      1103748
    ]
  ],
  [
    "||kameleoon.eu/kameleoon.js$script",
    [
      1103749
    ]
  ],
  [
    "||invitation.opinionbar.com/wit/popups$script",
    [
      1103750
    ]
  ],
  [
    "||neads.delivery/opinion-seed-embed.js$script",
    [
      1103751
    ]
  ],
  [
    "||collect.mopinion.com/assets/surveys/$script",
    [
      1103752
    ]
  ],
  [
    "/runtimejs/dist/survey/js/survey.js$domain=~alchemer.eu",
    [
      1103753
    ]
  ],
  [
    "||surveygizmobeacon.s3.amazonaws.com/beaconconfigs/$script",
    [
      1103754
    ]
  ],
  [
    "||cpx.smind.hr/Log/LogData$script",
    [
      1103755
    ]
  ],
  [
    "||widget.surveymonkey.com/collect$script,domain=~onboarding.italki.com",
    [
      1103756
    ]
  ],
  [
    "||cdn.feedbackify.com/f.js$script",
    [
      1103757
    ]
  ],
  [
    "||invitation.opinionbar.com/popups$script",
    [
      1103758
    ]
  ],
  [
    "/bundles/Scripts/OpinionLab.js",
    [
      1103759
    ]
  ],
  [
    "||survey.nuggad.net/c/layer-html$script",
    [
      1103760
    ]
  ],
  [
    "||ips-invite.iperceptions.com/invitations$script",
    [
      1103761
    ]
  ],
  [
    "/oo_engine.min.js",
    [
      1103762
    ]
  ],
  [
    "||userzoom.com/feedback$script",
    [
      1103763
    ]
  ],
  [
    "||invite.leanlab.co/invite/invite.js$script",
    [
      1103764
    ]
  ],
  [
    "||userreport.com/newsquest/launcher.js$script",
    [
      1103765
    ]
  ],
  [
    "siteintercept.qualtrics.com",
    [
      1103766
    ]
  ],
  [
    "||sandsiv.com/digi_runner.js?surveyId$script",
    [
      1103767
    ]
  ],
  [
    "||digitalfeedback.euro.confirmit.com/api$script",
    [
      1103768
    ]
  ],
  [
    "||taskanalytics.com/tm.js$script",
    [
      1103769
    ]
  ],
  [
    "popup.designtutkimus.fi",
    [
      1103770
    ]
  ],
  [
    "||guitaretab.com/static/js/hats$script",
    [
      1103771
    ]
  ],
  [
    "/v1/survey_invite.min.js",
    [
      1103772
    ]
  ],
  [
    "||app.alpheid.com/js/marketing_automation$script",
    [
      1103773
    ]
  ],
  [
    "||siteimproveanalytics.com/js/siteanalyze$script",
    [
      1103774
    ]
  ],
  [
    "||cdn.judge.me/shopify_v2.js$script",
    [
      1103775
    ]
  ],
  [
    "||static.yourcx.io/customers$script",
    [
      1103776
    ]
  ],
  [
    "||webankieta.pl/scripts/widget$script",
    [
      1103777
    ]
  ],
  [
    "popin.survey-xact.dk",
    [
      1103778
    ]
  ],
  [
    "||myaudience.de/sv/rifflejs.php$script",
    [
      1103779
    ]
  ],
  [
    "||survey.survicate.com/workspaces$script",
    [
      1103780
    ]
  ],
  [
    "||tryinteract.com/promotions/init.js$script",
    [
      1103781
    ]
  ],
  [
    "||scripts.psyma.com/scripts$script",
    [
      1103782
    ]
  ],
  [
    "||surveygizmo.eu/runtimejs/intercept$script",
    [
      1103783
    ]
  ],
  [
    "widgets.opinary.com",
    [
      1103784
    ]
  ],
  [
    "||uxfeedback.ru/widget.js$script",
    [
      1103785
    ]
  ],
  [
    "||e-satisfaction.com/dist/js/integration$script",
    [
      1103786
    ]
  ],
  [
    "||gateway.foresee.com$third-party",
    [
      1103787
    ]
  ],
  [
    "/vendor/opinionlab/*$domain=lenovo.com",
    [
      1103788
    ]
  ],
  [
    "survey.js$domain=medier24.no",
    [
      1103789
    ]
  ],
  [
    "/components-nps-survey$domain=spanishdict.com",
    [
      1103790
    ]
  ],
  [
    "ExitIntentModal.js$domain=stepstone.de",
    [
      1103791
    ]
  ],
  [
    "/surveys/*$domain=europa.eu",
    [
      1103792
    ]
  ],
  [
    "||visitor.reactful.com/dist/main$script",
    [
      1103793
    ]
  ],
  [
    "/popup/puppy.js$domain=sueddeutsche.de",
    [
      1103794
    ]
  ],
  [
    "||userreport.com/aperitif/launcher.js",
    [
      1103795
    ]
  ],
  [
    "||apps.veedio.it/js/videobox$script",
    [
      1103796
    ]
  ],
  [
    "/responsive-player/video-feature-sticky.js",
    [
      1103797
    ]
  ],
  [
    "||s-pt.ppstatic.pl/p/js/regionalne/plywajace_wideo.js$script",
    [
      1103798
    ]
  ],
  [
    "/js/compiled/atoms/article/sticky-video.js",
    [
      1103799
    ]
  ],
  [
    "||sdk.digitalbees.it/jssdk.js$script",
    [
      1103800
    ]
  ],
  [
    "||live.sekindo.com/live/liveView.php$script",
    [
      1103801
    ]
  ],
  [
    "||c.jsrdn.com/s/cs.js$script",
    [
      1103802
    ]
  ],
  [
    "||playwire.com/plugins/docky.min.js$script",
    [
      1103803
    ]
  ],
  [
    "||cdn.connatix.com/min/connatix.renderer.infeed.min.js$script",
    [
      1103804
    ]
  ],
  [
    "||ultimedia.com/api/widget/smart$script",
    [
      1103805
    ]
  ],
  [
    "||stream.playbuzz.com/embed/sdk.js$script",
    [
      1103806
    ]
  ],
  [
    "||delivery.youplay.se/load.js$script",
    [
      1103807
    ]
  ],
  [
    "embed.sendtonews.com",
    [
      1103808
    ]
  ],
  [
    "/wp-content/plugins/pmc-plugins/pmc-adm/*",
    [
      1103809
    ]
  ],
  [
    "||services.brid.tv/player$script",
    [
      1103810
    ]
  ],
  [
    "||mgid.com/js/wglibs/mgWidget$script",
    [
      1103811
    ]
  ],
  [
    "/stn-player.js$domain=titantv.com",
    [
      1103812
    ]
  ],
  [
    "||vplayer.enthusiastgaming.com/player/build/plugins/slideinview/*",
    [
      1103813
    ]
  ],
  [
    "/mol-adverts-delayed.js$domain=dailymail.co.uk",
    [
      1103814
    ]
  ],
  [
    "/twocol_article_autoplay/*$domain=belfasttelegraph.co.uk",
    [
      1103815
    ]
  ],
  [
    "players.brightcove.net$domain=uproxx.com",
    [
      1103816
    ]
  ],
  [
    "/coronaWidget5/*$domain=ibtimes.sg",
    [
      1103817
    ]
  ]
]